2026-03-02 18:19:29,265 - INFO - Starting comprehensive Reddit crawl...
2026-03-02 18:19:29,265 - INFO - ============================================================
2026-03-02 18:19:29,265 - INFO - 
[1/3] Crawling RSS feeds...
2026-03-02 18:19:29,275 - INFO - Crawling r/SGExams via RSS...
2026-03-02 18:19:33,939 - INFO - RSS added 25 records from r/SGExams
2026-03-02 18:19:33,941 - INFO - Saved 25 records to /Users/harshkunal/Desktop/InfoRetProj/data/raw/comprehensive_crawled_data.json
2026-03-02 18:19:33,950 - INFO - Crawling r/singapore via RSS...
2026-03-02 18:19:38,536 - INFO - RSS added 16 records from r/singapore
2026-03-02 18:19:38,537 - INFO - Saved 41 records to /Users/harshkunal/Desktop/InfoRetProj/data/raw/comprehensive_crawled_data.json
2026-03-02 18:19:38,539 - INFO - Crawling r/NUS via RSS...
2026-03-02 18:19:43,245 - INFO - RSS added 20 records from r/NUS
2026-03-02 18:19:43,247 - INFO - Saved 61 records to /Users/harshkunal/Desktop/InfoRetProj/data/raw/comprehensive_crawled_data.json
2026-03-02 18:19:43,250 - INFO - Crawling r/NTU via RSS...
2026-03-02 18:19:47,617 - INFO - RSS added 21 records from r/NTU
2026-03-02 18:19:47,619 - INFO - Saved 82 records to /Users/harshkunal/Desktop/InfoRetProj/data/raw/comprehensive_crawled_data.json
2026-03-02 18:19:47,622 - INFO - Crawling r/SMU via RSS...
2026-03-02 18:19:51,755 - INFO - RSS added 18 records from r/SMU
2026-03-02 18:19:51,757 - INFO - Saved 100 records to /Users/harshkunal/Desktop/InfoRetProj/data/raw/comprehensive_crawled_data.json
2026-03-02 18:19:51,760 - INFO - Crawling r/SIT via RSS...
2026-03-02 18:19:54,293 - WARNING - Status 403 for https://www.reddit.com/r/SIT/.rss
2026-03-02 18:19:57,298 - WARNING - Status 403 for https://www.reddit.com/r/SIT/.rss
2026-03-02 18:20:00,230 - WARNING - Status 403 for https://www.reddit.com/r/SIT/.rss
2026-03-02 18:20:00,236 - INFO - Saved 100 records to /Users/harshkunal/Desktop/InfoRetProj/data/raw/comprehensive_crawled_data.json
2026-03-02 18:20:00,244 - INFO - Crawling r/SUSS via RSS...
2026-03-02 18:20:04,852 - INFO - RSS added 21 records from r/SUSS
2026-03-02 18:20:04,853 - INFO - Saved 121 records to /Users/harshkunal/Desktop/InfoRetProj/data/raw/comprehensive_crawled_data.json
2026-03-02 18:20:04,856 - INFO - Crawling r/nus via RSS...
2026-03-02 18:20:09,135 - INFO - RSS added 0 records from r/nus
2026-03-02 18:20:09,139 - INFO - Saved 121 records to /Users/harshkunal/Desktop/InfoRetProj/data/raw/comprehensive_crawled_data.json
2026-03-02 18:20:09,143 - INFO - 
[2/3] Crawling alternative frontends...
2026-03-02 18:20:09,143 - INFO - Crawling r/SGExams via Teddit...
2026-03-02 18:20:12,620 - ERROR - Request error (attempt 1): HTTPSConnectionPool(host='teddit.net', port=443): Max retries exceeded with url: /r/SGExams (Caused by SSLError(SSLError(1, '[SSL: TLSV1_ALERT_INTERNAL_ERROR] tlsv1 alert internal error (_ssl.c:1000)')))
2026-03-02 18:20:21,413 - ERROR - Request error (attempt 2): HTTPSConnectionPool(host='teddit.net', port=443): Max retries exceeded with url: /r/SGExams (Caused by SSLError(SSLError(1, '[SSL: TLSV1_ALERT_INTERNAL_ERROR] tlsv1 alert internal error (_ssl.c:1000)')))
2026-03-02 18:20:34,512 - ERROR - Request error (attempt 3): HTTPSConnectionPool(host='teddit.net', port=443): Max retries exceeded with url: /r/SGExams (Caused by SSLError(SSLError(1, '[SSL: TLSV1_ALERT_INTERNAL_ERROR] tlsv1 alert internal error (_ssl.c:1000)')))
2026-03-02 18:20:52,915 - ERROR - Request error (attempt 1): HTTPSConnectionPool(host='teddit.net', port=443): Max retries exceeded with url: /r/SGExams (Caused by SSLError(SSLError(1, '[SSL: TLSV1_ALERT_INTERNAL_ERROR] tlsv1 alert internal error (_ssl.c:1000)')))
2026-03-02 18:21:02,191 - ERROR - Request error (attempt 2): HTTPSConnectionPool(host='teddit.net', port=443): Max retries exceeded with url: /r/SGExams (Caused by SSLError(SSLError(1, '[SSL: TLSV1_ALERT_INTERNAL_ERROR] tlsv1 alert internal error (_ssl.c:1000)')))
2026-03-02 18:21:15,285 - ERROR - Request error (attempt 3): HTTPSConnectionPool(host='teddit.net', port=443): Max retries exceeded with url: /r/SGExams (Caused by SSLError(SSLError(1, '[SSL: TLSV1_ALERT_INTERNAL_ERROR] tlsv1 alert internal error (_ssl.c:1000)')))
2026-03-02 18:21:33,215 - ERROR - Request error (attempt 1): HTTPSConnectionPool(host='teddit.net', port=443): Max retries exceeded with url: /r/SGExams (Caused by SSLError(SSLError(1, '[SSL: TLSV1_ALERT_INTERNAL_ERROR] tlsv1 alert internal error (_ssl.c:1000)')))
2026-03-02 18:21:42,449 - ERROR - Request error (attempt 2): HTTPSConnectionPool(host='teddit.net', port=443): Max retries exceeded with url: /r/SGExams (Caused by SSLError(SSLError(1, '[SSL: TLSV1_ALERT_INTERNAL_ERROR] tlsv1 alert internal error (_ssl.c:1000)')))
2026-03-02 18:21:56,586 - ERROR - Request error (attempt 3): HTTPSConnectionPool(host='teddit.net', port=443): Max retries exceeded with url: /r/SGExams (Caused by SSLError(SSLError(1, '[SSL: TLSV1_ALERT_INTERNAL_ERROR] tlsv1 alert internal error (_ssl.c:1000)')))
2026-03-02 18:22:13,878 - ERROR - Request error (attempt 1): HTTPSConnectionPool(host='libreddit.spike.codes', port=443): Max retries exceeded with url: /r/SGExams (Caused by NameResolutionError("HTTPSConnection(host='libreddit.spike.codes', port=443): Failed to resolve 'libreddit.spike.codes' ([Errno 8] nodename nor servname provided, or not known)"))
2026-03-02 18:22:21,306 - ERROR - Request error (attempt 2): HTTPSConnectionPool(host='libreddit.spike.codes', port=443): Max retries exceeded with url: /r/SGExams (Caused by NameResolutionError("HTTPSConnection(host='libreddit.spike.codes', port=443): Failed to resolve 'libreddit.spike.codes' ([Errno 8] nodename nor servname provided, or not known)"))
2026-03-02 18:22:34,418 - ERROR - Request error (attempt 3): HTTPSConnectionPool(host='libreddit.spike.codes', port=443): Max retries exceeded with url: /r/SGExams (Caused by NameResolutionError("HTTPSConnection(host='libreddit.spike.codes', port=443): Failed to resolve 'libreddit.spike.codes' ([Errno 8] nodename nor servname provided, or not known)"))
2026-03-02 18:22:52,806 - ERROR - Request error (attempt 1): HTTPSConnectionPool(host='libreddit.spike.codes', port=443): Max retries exceeded with url: /r/SGExams (Caused by NameResolutionError("HTTPSConnection(host='libreddit.spike.codes', port=443): Failed to resolve 'libreddit.spike.codes' ([Errno 8] nodename nor servname provided, or not known)"))
2026-03-02 18:23:01,130 - ERROR - Request error (attempt 2): HTTPSConnectionPool(host='libreddit.spike.codes', port=443): Max retries exceeded with url: /r/SGExams (Caused by NameResolutionError("HTTPSConnection(host='libreddit.spike.codes', port=443): Failed to resolve 'libreddit.spike.codes' ([Errno 8] nodename nor servname provided, or not known)"))
2026-03-02 18:23:15,101 - ERROR - Request error (attempt 3): HTTPSConnectionPool(host='libreddit.spike.codes', port=443): Max retries exceeded with url: /r/SGExams (Caused by NameResolutionError("HTTPSConnection(host='libreddit.spike.codes', port=443): Failed to resolve 'libreddit.spike.codes' ([Errno 8] nodename nor servname provided, or not known)"))
2026-03-02 18:23:32,957 - ERROR - Request error (attempt 1): HTTPSConnectionPool(host='libreddit.spike.codes', port=443): Max retries exceeded with url: /r/SGExams (Caused by NameResolutionError("HTTPSConnection(host='libreddit.spike.codes', port=443): Failed to resolve 'libreddit.spike.codes' ([Errno 8] nodename nor servname provided, or not known)"))
2026-03-02 18:23:41,854 - ERROR - Request error (attempt 2): HTTPSConnectionPool(host='libreddit.spike.codes', port=443): Max retries exceeded with url: /r/SGExams (Caused by NameResolutionError("HTTPSConnection(host='libreddit.spike.codes', port=443): Failed to resolve 'libreddit.spike.codes' ([Errno 8] nodename nor servname provided, or not known)"))
2026-03-02 18:23:55,403 - ERROR - Request error (attempt 3): HTTPSConnectionPool(host='libreddit.spike.codes', port=443): Max retries exceeded with url: /r/SGExams (Caused by NameResolutionError("HTTPSConnection(host='libreddit.spike.codes', port=443): Failed to resolve 'libreddit.spike.codes' ([Errno 8] nodename nor servname provided, or not known)"))
2026-03-02 18:24:43,268 - ERROR - Request error (attempt 1): HTTPSConnectionPool(host='reddit.invak.id', port=443): Max retries exceeded with url: /r/SGExams (Caused by ConnectTimeoutError(<HTTPSConnection(host='reddit.invak.id', port=443) at 0x169361cd0>, 'Connection to reddit.invak.id timed out. (connect timeout=30)'))
2026-03-02 18:25:21,571 - ERROR - Request error (attempt 2): HTTPSConnectionPool(host='reddit.invak.id', port=443): Max retries exceeded with url: /r/SGExams (Caused by ConnectTimeoutError(<HTTPSConnection(host='reddit.invak.id', port=443) at 0x1693977d0>, 'Connection to reddit.invak.id timed out. (connect timeout=30)'))
2026-03-02 18:26:04,296 - ERROR - Request error (attempt 3): HTTPSConnectionPool(host='reddit.invak.id', port=443): Max retries exceeded with url: /r/SGExams (Caused by ConnectTimeoutError(<HTTPSConnection(host='reddit.invak.id', port=443) at 0x1693972c0>, 'Connection to reddit.invak.id timed out. (connect timeout=30)'))
2026-03-02 18:26:52,952 - ERROR - Request error (attempt 1): HTTPSConnectionPool(host='reddit.invak.id', port=443): Max retries exceeded with url: /r/SGExams (Caused by ConnectTimeoutError(<HTTPSConnection(host='reddit.invak.id', port=443) at 0x169396000>, 'Connection to reddit.invak.id timed out. (connect timeout=30)'))
2026-03-02 18:27:30,541 - ERROR - Request error (attempt 2): HTTPSConnectionPool(host='reddit.invak.id', port=443): Max retries exceeded with url: /r/SGExams (Caused by ConnectTimeoutError(<HTTPSConnection(host='reddit.invak.id', port=443) at 0x169396a50>, 'Connection to reddit.invak.id timed out. (connect timeout=30)'))
2026-03-02 18:28:14,236 - ERROR - Request error (attempt 3): HTTPSConnectionPool(host='reddit.invak.id', port=443): Max retries exceeded with url: /r/SGExams (Caused by ConnectTimeoutError(<HTTPSConnection(host='reddit.invak.id', port=443) at 0x169397b00>, 'Connection to reddit.invak.id timed out. (connect timeout=30)'))
2026-03-02 18:29:02,370 - ERROR - Request error (attempt 1): HTTPSConnectionPool(host='reddit.invak.id', port=443): Max retries exceeded with url: /r/SGExams (Caused by ConnectTimeoutError(<HTTPSConnection(host='reddit.invak.id', port=443) at 0x169397ad0>, 'Connection to reddit.invak.id timed out. (connect timeout=30)'))
2026-03-02 18:29:39,966 - ERROR - Request error (attempt 2): HTTPSConnectionPool(host='reddit.invak.id', port=443): Max retries exceeded with url: /r/SGExams (Caused by ConnectTimeoutError(<HTTPSConnection(host='reddit.invak.id', port=443) at 0x169397cb0>, 'Connection to reddit.invak.id timed out. (connect timeout=30)'))
2026-03-02 18:30:22,005 - ERROR - Request error (attempt 3): HTTPSConnectionPool(host='reddit.invak.id', port=443): Max retries exceeded with url: /r/SGExams (Caused by ConnectTimeoutError(<HTTPSConnection(host='reddit.invak.id', port=443) at 0x169394c50>, 'Connection to reddit.invak.id timed out. (connect timeout=30)'))
2026-03-02 18:30:37,010 - INFO - Teddit added 0 records from r/SGExams
2026-03-02 18:30:37,023 - INFO - Saved 121 records to /Users/harshkunal/Desktop/InfoRetProj/data/raw/comprehensive_crawled_data.json
2026-03-02 18:30:37,028 - INFO - Crawling r/singapore via Teddit...
2026-03-02 18:30:41,611 - ERROR - Request error (attempt 1): HTTPSConnectionPool(host='teddit.net', port=443): Max retries exceeded with url: /r/singapore (Caused by SSLError(SSLError(1, '[SSL: TLSV1_ALERT_INTERNAL_ERROR] tlsv1 alert internal error (_ssl.c:1000)')))
2026-03-02 18:30:50,850 - ERROR - Request error (attempt 2): HTTPSConnectionPool(host='teddit.net', port=443): Max retries exceeded with url: /r/singapore (Caused by SSLError(SSLError(1, '[SSL: TLSV1_ALERT_INTERNAL_ERROR] tlsv1 alert internal error (_ssl.c:1000)')))
2026-03-02 18:31:03,554 - ERROR - Request error (attempt 3): HTTPSConnectionPool(host='teddit.net', port=443): Max retries exceeded with url: /r/singapore (Caused by SSLError(SSLError(1, '[SSL: TLSV1_ALERT_INTERNAL_ERROR] tlsv1 alert internal error (_ssl.c:1000)')))
2026-03-02 18:31:21,371 - ERROR - Request error (attempt 1): HTTPSConnectionPool(host='teddit.net', port=443): Max retries exceeded with url: /r/singapore (Caused by SSLError(SSLError(1, '[SSL: TLSV1_ALERT_INTERNAL_ERROR] tlsv1 alert internal error (_ssl.c:1000)')))
2026-03-02 18:31:30,750 - ERROR - Request error (attempt 2): HTTPSConnectionPool(host='teddit.net', port=443): Max retries exceeded with url: /r/singapore (Caused by SSLError(SSLError(1, '[SSL: TLSV1_ALERT_INTERNAL_ERROR] tlsv1 alert internal error (_ssl.c:1000)')))
2026-03-02 18:31:44,279 - ERROR - Request error (attempt 3): HTTPSConnectionPool(host='teddit.net', port=443): Max retries exceeded with url: /r/singapore (Caused by SSLError(SSLError(1, '[SSL: TLSV1_ALERT_INTERNAL_ERROR] tlsv1 alert internal error (_ssl.c:1000)')))
2026-03-02 18:32:02,242 - ERROR - Request error (attempt 1): HTTPSConnectionPool(host='teddit.net', port=443): Max retries exceeded with url: /r/singapore (Caused by SSLError(SSLError(1, '[SSL: TLSV1_ALERT_INTERNAL_ERROR] tlsv1 alert internal error (_ssl.c:1000)')))
2026-03-02 18:32:09,742 - ERROR - Request error (attempt 2): HTTPSConnectionPool(host='teddit.net', port=443): Max retries exceeded with url: /r/singapore (Caused by SSLError(SSLError(1, '[SSL: TLSV1_ALERT_INTERNAL_ERROR] tlsv1 alert internal error (_ssl.c:1000)')))
2026-03-02 18:32:23,808 - ERROR - Request error (attempt 3): HTTPSConnectionPool(host='teddit.net', port=443): Max retries exceeded with url: /r/singapore (Caused by SSLError(SSLError(1, '[SSL: TLSV1_ALERT_INTERNAL_ERROR] tlsv1 alert internal error (_ssl.c:1000)')))
2026-03-02 18:32:42,672 - ERROR - Request error (attempt 1): HTTPSConnectionPool(host='libreddit.spike.codes', port=443): Max retries exceeded with url: /r/singapore (Caused by NameResolutionError("HTTPSConnection(host='libreddit.spike.codes', port=443): Failed to resolve 'libreddit.spike.codes' ([Errno 8] nodename nor servname provided, or not known)"))
2026-03-02 18:32:50,021 - ERROR - Request error (attempt 2): HTTPSConnectionPool(host='libreddit.spike.codes', port=443): Max retries exceeded with url: /r/singapore (Caused by NameResolutionError("HTTPSConnection(host='libreddit.spike.codes', port=443): Failed to resolve 'libreddit.spike.codes' ([Errno 8] nodename nor servname provided, or not known)"))
2026-03-02 18:33:02,523 - ERROR - Request error (attempt 3): HTTPSConnectionPool(host='libreddit.spike.codes', port=443): Max retries exceeded with url: /r/singapore (Caused by NameResolutionError("HTTPSConnection(host='libreddit.spike.codes', port=443): Failed to resolve 'libreddit.spike.codes' ([Errno 8] nodename nor servname provided, or not known)"))
2026-03-02 18:33:20,799 - ERROR - Request error (attempt 1): HTTPSConnectionPool(host='libreddit.spike.codes', port=443): Max retries exceeded with url: /r/singapore (Caused by NameResolutionError("HTTPSConnection(host='libreddit.spike.codes', port=443): Failed to resolve 'libreddit.spike.codes' ([Errno 8] nodename nor servname provided, or not known)"))
2026-03-02 18:33:29,314 - ERROR - Request error (attempt 2): HTTPSConnectionPool(host='libreddit.spike.codes', port=443): Max retries exceeded with url: /r/singapore (Caused by NameResolutionError("HTTPSConnection(host='libreddit.spike.codes', port=443): Failed to resolve 'libreddit.spike.codes' ([Errno 8] nodename nor servname provided, or not known)"))
2026-03-02 18:33:42,178 - ERROR - Request error (attempt 3): HTTPSConnectionPool(host='libreddit.spike.codes', port=443): Max retries exceeded with url: /r/singapore (Caused by NameResolutionError("HTTPSConnection(host='libreddit.spike.codes', port=443): Failed to resolve 'libreddit.spike.codes' ([Errno 8] nodename nor servname provided, or not known)"))
2026-03-02 18:34:00,783 - ERROR - Request error (attempt 1): HTTPSConnectionPool(host='libreddit.spike.codes', port=443): Max retries exceeded with url: /r/singapore (Caused by NameResolutionError("HTTPSConnection(host='libreddit.spike.codes', port=443): Failed to resolve 'libreddit.spike.codes' ([Errno 8] nodename nor servname provided, or not known)"))
2026-03-02 18:34:08,505 - ERROR - Request error (attempt 2): HTTPSConnectionPool(host='libreddit.spike.codes', port=443): Max retries exceeded with url: /r/singapore (Caused by NameResolutionError("HTTPSConnection(host='libreddit.spike.codes', port=443): Failed to resolve 'libreddit.spike.codes' ([Errno 8] nodename nor servname provided, or not known)"))
2026-03-02 18:34:21,842 - ERROR - Request error (attempt 3): HTTPSConnectionPool(host='libreddit.spike.codes', port=443): Max retries exceeded with url: /r/singapore (Caused by NameResolutionError("HTTPSConnection(host='libreddit.spike.codes', port=443): Failed to resolve 'libreddit.spike.codes' ([Errno 8] nodename nor servname provided, or not known)"))
2026-03-02 18:35:10,100 - ERROR - Request error (attempt 1): HTTPSConnectionPool(host='reddit.invak.id', port=443): Max retries exceeded with url: /r/singapore (Caused by ConnectTimeoutError(<HTTPSConnection(host='reddit.invak.id', port=443) at 0x169397ad0>, 'Connection to reddit.invak.id timed out. (connect timeout=30)'))
2026-03-02 18:35:48,327 - ERROR - Request error (attempt 2): HTTPSConnectionPool(host='reddit.invak.id', port=443): Max retries exceeded with url: /r/singapore (Caused by ConnectTimeoutError(<HTTPSConnection(host='reddit.invak.id', port=443) at 0x1693947a0>, 'Connection to reddit.invak.id timed out. (connect timeout=30)'))
2026-03-02 18:36:30,878 - ERROR - Request error (attempt 3): HTTPSConnectionPool(host='reddit.invak.id', port=443): Max retries exceeded with url: /r/singapore (Caused by ConnectTimeoutError(<HTTPSConnection(host='reddit.invak.id', port=443) at 0x169397c80>, 'Connection to reddit.invak.id timed out. (connect timeout=30)'))
2026-03-02 18:37:18,289 - ERROR - Request error (attempt 1): HTTPSConnectionPool(host='reddit.invak.id', port=443): Max retries exceeded with url: /r/singapore (Caused by ConnectTimeoutError(<HTTPSConnection(host='reddit.invak.id', port=443) at 0x169363260>, 'Connection to reddit.invak.id timed out. (connect timeout=30)'))
2026-03-02 18:37:56,703 - ERROR - Request error (attempt 2): HTTPSConnectionPool(host='reddit.invak.id', port=443): Max retries exceeded with url: /r/singapore (Caused by ConnectTimeoutError(<HTTPSConnection(host='reddit.invak.id', port=443) at 0x169361fa0>, 'Connection to reddit.invak.id timed out. (connect timeout=30)'))
2026-03-02 18:38:40,350 - ERROR - Request error (attempt 3): HTTPSConnectionPool(host='reddit.invak.id', port=443): Max retries exceeded with url: /r/singapore (Caused by ConnectTimeoutError(<HTTPSConnection(host='reddit.invak.id', port=443) at 0x169363b90>, 'Connection to reddit.invak.id timed out. (connect timeout=30)'))
2026-03-02 18:39:27,458 - ERROR - Request error (attempt 1): HTTPSConnectionPool(host='reddit.invak.id', port=443): Max retries exceeded with url: /r/singapore (Caused by ConnectTimeoutError(<HTTPSConnection(host='reddit.invak.id', port=443) at 0x169394650>, 'Connection to reddit.invak.id timed out. (connect timeout=30)'))
2026-03-02 18:39:35,741 - INFO - Saved 121 records to /Users/harshkunal/Desktop/InfoRetProj/data/raw/interrupted_comprehensive.json
