2026-03-02 18:04:47,953 - INFO - Starting full Reddit crawl for Singapore exam data...
2026-03-02 18:04:47,953 - INFO - ============================================================
2026-03-02 18:04:47,953 - INFO - 
[1/4] Crawling main subreddits...
2026-03-02 18:04:47,976 - INFO - Crawling r/SGExams via JSON API (hot)...
2026-03-02 18:04:51,542 - WARNING - Access forbidden for https://www.reddit.com/r/SGExams/hot.json
2026-03-02 18:04:51,546 - INFO - Added 0 records from r/SGExams
2026-03-02 18:04:51,546 - INFO - Crawling r/SGExams via JSON API (top)...
2026-03-02 18:13:08,078 - INFO - Added 2234 records from r/SGExams
2026-03-02 18:13:08,079 - INFO - Crawling r/SGExams via JSON API (new)...
2026-03-02 18:16:00,055 - WARNING - Rate limited. Waiting 60 seconds...
2026-03-02 18:17:03,650 - WARNING - Rate limited. Waiting 120 seconds...
2026-03-02 18:19:07,265 - WARNING - Rate limited. Waiting 180 seconds...
2026-03-02 18:26:43,281 - INFO - Added 438 records from r/SGExams
2026-03-02 18:26:43,281 - INFO - Crawling r/SGExams via old.reddit.com...
2026-03-02 18:27:06,152 - INFO - Old Reddit crawl added 19 records from r/SGExams
2026-03-02 18:27:06,178 - INFO - Saved 2691 records to /Users/harshkunal/Desktop/InfoRetProj/data/raw/crawled_data.json
2026-03-02 18:27:06,199 - INFO - Saved CSV to /Users/harshkunal/Desktop/InfoRetProj/data/raw/crawled_data.csv
2026-03-02 18:27:06,206 - INFO - Progress: 2691 records, 238155 words
2026-03-02 18:27:06,206 - INFO - Crawling r/singapore via JSON API (hot)...
2026-03-02 18:28:02,125 - WARNING - Rate limited. Waiting 60 seconds...
2026-03-02 18:29:05,101 - WARNING - Rate limited. Waiting 120 seconds...
2026-03-02 18:37:15,804 - WARNING - Rate limited. Waiting 60 seconds...
2026-03-02 18:38:18,694 - WARNING - Rate limited. Waiting 120 seconds...
2026-03-02 18:41:12,662 - INFO - Added 1539 records from r/singapore
2026-03-02 18:41:12,662 - INFO - Crawling r/singapore via JSON API (top)...
2026-03-02 18:46:43,510 - WARNING - Rate limited. Waiting 60 seconds...
2026-03-02 18:47:47,095 - WARNING - Rate limited. Waiting 120 seconds...
2026-03-02 18:49:49,985 - WARNING - Rate limited. Waiting 180 seconds...
2026-03-02 18:55:36,243 - INFO - Added 1720 records from r/singapore
2026-03-02 18:55:36,244 - INFO - Crawling r/singapore via JSON API (new)...
2026-03-02 18:59:05,710 - WARNING - Rate limited. Waiting 60 seconds...
2026-03-02 19:04:36,215 - INFO - Added 18 records from r/singapore
2026-03-02 19:04:36,216 - INFO - Crawling r/singapore via old.reddit.com...
2026-03-02 19:04:58,687 - INFO - Old Reddit crawl added 5 records from r/singapore
2026-03-02 19:04:58,732 - INFO - Saved 5973 records to /Users/harshkunal/Desktop/InfoRetProj/data/raw/crawled_data.json
2026-03-02 19:04:58,761 - INFO - Saved CSV to /Users/harshkunal/Desktop/InfoRetProj/data/raw/crawled_data.csv
2026-03-02 19:04:58,771 - INFO - Progress: 5973 records, 415482 words
2026-03-02 19:04:58,771 - INFO - Crawling r/NUS via JSON API (hot)...
2026-03-02 19:06:11,900 - WARNING - Rate limited. Waiting 60 seconds...
2026-03-02 19:07:15,492 - WARNING - Rate limited. Waiting 120 seconds...
2026-03-02 19:09:19,190 - WARNING - Rate limited. Waiting 180 seconds...
2026-03-02 19:18:08,703 - WARNING - Rate limited. Waiting 60 seconds...
2026-03-02 19:19:12,500 - WARNING - Rate limited. Waiting 120 seconds...
2026-03-02 19:21:44,263 - INFO - Added 370 records from r/NUS
2026-03-02 19:21:44,264 - INFO - Crawling r/NUS via JSON API (top)...
2026-03-02 19:27:15,864 - WARNING - Rate limited. Waiting 60 seconds...
2026-03-02 19:28:18,704 - WARNING - Rate limited. Waiting 120 seconds...
2026-03-02 19:32:41,877 - INFO - Added 1278 records from r/NUS
2026-03-02 19:32:41,879 - INFO - Crawling r/NUS via JSON API (new)...
2026-03-02 19:36:19,574 - WARNING - Rate limited. Waiting 60 seconds...
2026-03-02 19:37:22,569 - WARNING - Rate limited. Waiting 120 seconds...
2026-03-02 19:39:26,419 - WARNING - Rate limited. Waiting 180 seconds...
2026-03-02 19:46:18,315 - INFO - Added 9 records from r/NUS
2026-03-02 19:46:18,318 - INFO - Crawling r/NUS via old.reddit.com...
2026-03-02 19:46:41,119 - INFO - Old Reddit crawl added 3 records from r/NUS
2026-03-02 19:46:41,176 - INFO - Saved 7633 records to /Users/harshkunal/Desktop/InfoRetProj/data/raw/crawled_data.json
2026-03-02 19:46:41,211 - INFO - Saved CSV to /Users/harshkunal/Desktop/InfoRetProj/data/raw/crawled_data.csv
2026-03-02 19:46:41,224 - INFO - Progress: 7633 records, 511186 words
2026-03-02 19:46:41,225 - INFO - Crawling r/NTU via JSON API (hot)...
2026-03-02 19:48:13,817 - WARNING - Rate limited. Waiting 60 seconds...
2026-03-02 19:49:17,512 - WARNING - Rate limited. Waiting 120 seconds...
2026-03-02 19:57:06,282 - WARNING - Rate limited. Waiting 60 seconds...
2026-03-02 19:58:09,890 - WARNING - Rate limited. Waiting 120 seconds...
2026-03-02 20:01:49,892 - INFO - Added 373 records from r/NTU
2026-03-02 20:01:49,894 - INFO - Crawling r/NTU via JSON API (top)...
