2026-03-02 18:11:04,721 - INFO - Starting Selenium-based Reddit crawl...
2026-03-02 18:11:04,721 - INFO - ============================================================
2026-03-02 18:11:04,721 - INFO - ====== WebDriver manager ======
2026-03-02 18:11:04,904 - INFO - Get LATEST chromedriver version for google-chrome
2026-03-02 18:11:04,955 - INFO - Get LATEST chromedriver version for google-chrome
2026-03-02 18:11:04,996 - INFO - Driver [/Users/harshkunal/.wdm/drivers/chromedriver/mac64/145.0.7632.117/chromedriver-mac-arm64/chromedriver] found in cache
2026-03-02 18:11:05,663 - INFO - Chrome WebDriver initialized
2026-03-02 18:11:05,663 - INFO - 
[1/3] Crawling main subreddits...
2026-03-02 18:11:05,678 - INFO - Crawling r/SGExams via old.reddit.com...
2026-03-02 18:11:19,142 - WARNING - Timeout loading r/SGExams page 0
2026-03-02 18:11:19,143 - INFO - Added 0 records from r/SGExams
2026-03-02 18:11:19,144 - INFO - Saved 0 records to /Users/harshkunal/Desktop/InfoRetProj/data/raw/selenium_crawled_data.json
2026-03-02 18:11:19,156 - INFO - Progress: 0 records, 0 words
2026-03-02 18:11:19,156 - INFO - Crawling r/singapore via old.reddit.com...
2026-03-02 18:12:06,675 - INFO - Added 115 records from r/singapore
2026-03-02 18:12:06,676 - INFO - Saved 115 records to /Users/harshkunal/Desktop/InfoRetProj/data/raw/selenium_crawled_data.json
2026-03-02 18:12:06,678 - INFO - Progress: 115 records, 1618 words
2026-03-02 18:12:06,678 - INFO - Crawling r/NUS via old.reddit.com...
2026-03-02 18:12:55,862 - INFO - Added 77 records from r/NUS
2026-03-02 18:12:55,864 - INFO - Saved 192 records to /Users/harshkunal/Desktop/InfoRetProj/data/raw/selenium_crawled_data.json
2026-03-02 18:12:55,865 - INFO - Progress: 192 records, 2192 words
2026-03-02 18:12:55,865 - INFO - Crawling r/NTU via old.reddit.com...
2026-03-02 18:13:44,976 - INFO - Added 67 records from r/NTU
2026-03-02 18:13:44,978 - INFO - Saved 259 records to /Users/harshkunal/Desktop/InfoRetProj/data/raw/selenium_crawled_data.json
2026-03-02 18:13:44,979 - INFO - Progress: 259 records, 2642 words
2026-03-02 18:13:44,980 - INFO - Crawling r/SMU via old.reddit.com...
2026-03-02 18:14:37,077 - INFO - Added 53 records from r/SMU
2026-03-02 18:14:37,079 - INFO - Saved 312 records to /Users/harshkunal/Desktop/InfoRetProj/data/raw/selenium_crawled_data.json
2026-03-02 18:14:37,081 - INFO - Progress: 312 records, 3131 words
2026-03-02 18:14:37,081 - INFO - 
[2/3] Running search queries...
2026-03-02 18:14:37,081 - INFO - Searching r/SGExams for: 'O level exam difficulty'
2026-03-02 18:14:40,727 - INFO - Search added 0 records
2026-03-02 18:14:40,727 - INFO - Searching r/singapore for: 'O level exam difficulty'
2026-03-02 18:14:45,546 - INFO - Search added 0 records
2026-03-02 18:14:45,551 - INFO - Saved 312 records to /Users/harshkunal/Desktop/InfoRetProj/data/raw/selenium_crawled_data.json
2026-03-02 18:14:45,555 - INFO - Searching r/SGExams for: 'A level paper hard'
2026-03-02 18:14:49,685 - INFO - Search added 0 records
2026-03-02 18:14:49,685 - INFO - Searching r/singapore for: 'A level paper hard'
2026-03-02 18:14:54,514 - INFO - Search added 0 records
2026-03-02 18:14:54,519 - INFO - Saved 312 records to /Users/harshkunal/Desktop/InfoRetProj/data/raw/selenium_crawled_data.json
2026-03-02 18:14:54,522 - INFO - Searching r/SGExams for: 'A level paper easy'
2026-03-02 18:14:59,171 - INFO - Search added 0 records
2026-03-02 18:14:59,171 - INFO - Searching r/singapore for: 'A level paper easy'
2026-03-02 18:15:02,572 - INFO - Search added 0 records
2026-03-02 18:15:02,577 - INFO - Saved 312 records to /Users/harshkunal/Desktop/InfoRetProj/data/raw/selenium_crawled_data.json
2026-03-02 18:15:02,581 - INFO - Searching r/SGExams for: 'O level math difficult'
2026-03-02 18:15:06,229 - INFO - Search added 0 records
2026-03-02 18:15:06,229 - INFO - Searching r/singapore for: 'O level math difficult'
2026-03-02 18:15:10,198 - INFO - Search added 0 records
2026-03-02 18:15:10,202 - INFO - Saved 312 records to /Users/harshkunal/Desktop/InfoRetProj/data/raw/selenium_crawled_data.json
2026-03-02 18:15:10,206 - INFO - Searching r/SGExams for: 'A level physics hard'
2026-03-02 18:15:14,809 - INFO - Search added 0 records
2026-03-02 18:15:14,809 - INFO - Searching r/singapore for: 'A level physics hard'
2026-03-02 18:15:20,366 - INFO - Search added 0 records
2026-03-02 18:15:20,372 - INFO - Saved 312 records to /Users/harshkunal/Desktop/InfoRetProj/data/raw/selenium_crawled_data.json
2026-03-02 18:15:20,376 - INFO - Searching r/SGExams for: 'A level chemistry killer'
2026-03-02 18:15:23,802 - INFO - Search added 0 records
2026-03-02 18:15:23,802 - INFO - Searching r/singapore for: 'A level chemistry killer'
2026-03-02 18:15:27,527 - INFO - Search added 0 records
2026-03-02 18:15:27,532 - INFO - Saved 312 records to /Users/harshkunal/Desktop/InfoRetProj/data/raw/selenium_crawled_data.json
2026-03-02 18:15:27,536 - INFO - Searching r/SGExams for: 'JC exam experience'
2026-03-02 18:15:31,860 - INFO - Search added 0 records
2026-03-02 18:15:31,860 - INFO - Searching r/singapore for: 'JC exam experience'
2026-03-02 18:15:36,014 - INFO - Search added 0 records
2026-03-02 18:15:36,020 - INFO - Saved 312 records to /Users/harshkunal/Desktop/InfoRetProj/data/raw/selenium_crawled_data.json
2026-03-02 18:15:36,024 - INFO - Searching r/SGExams for: 'poly exam feedback'
2026-03-02 18:15:40,784 - INFO - Search added 0 records
2026-03-02 18:15:40,784 - INFO - Searching r/singapore for: 'poly exam feedback'
2026-03-02 18:15:44,506 - INFO - Search added 0 records
2026-03-02 18:15:44,512 - INFO - Saved 312 records to /Users/harshkunal/Desktop/InfoRetProj/data/raw/selenium_crawled_data.json
2026-03-02 18:15:44,516 - INFO - Searching r/SGExams for: 'NUS exam difficult'
2026-03-02 18:15:48,847 - INFO - Search added 0 records
2026-03-02 18:15:48,847 - INFO - Searching r/singapore for: 'NUS exam difficult'
2026-03-02 18:15:52,307 - INFO - Search added 0 records
2026-03-02 18:15:52,312 - INFO - Saved 312 records to /Users/harshkunal/Desktop/InfoRetProj/data/raw/selenium_crawled_data.json
2026-03-02 18:15:52,316 - INFO - Searching r/SGExams for: 'NTU finals hard'
2026-03-02 18:15:57,521 - INFO - Search added 0 records
2026-03-02 18:15:57,522 - INFO - Searching r/singapore for: 'NTU finals hard'
2026-03-02 18:16:03,157 - INFO - Search added 0 records
2026-03-02 18:16:03,162 - INFO - Saved 312 records to /Users/harshkunal/Desktop/InfoRetProj/data/raw/selenium_crawled_data.json
2026-03-02 18:16:03,166 - INFO - Searching r/SGExams for: 'SMU midterm'
2026-03-02 18:16:06,097 - INFO - Search added 0 records
2026-03-02 18:16:06,097 - INFO - Searching r/singapore for: 'SMU midterm'
2026-03-02 18:16:10,448 - INFO - Search added 0 records
2026-03-02 18:16:10,453 - INFO - Saved 312 records to /Users/harshkunal/Desktop/InfoRetProj/data/raw/selenium_crawled_data.json
2026-03-02 18:16:10,457 - INFO - Searching r/SGExams for: 'university exam Singapore'
2026-03-02 18:16:14,941 - INFO - Search added 0 records
2026-03-02 18:16:14,942 - INFO - Searching r/singapore for: 'university exam Singapore'
2026-03-02 18:16:19,200 - INFO - Search added 0 records
2026-03-02 18:16:19,205 - INFO - Saved 312 records to /Users/harshkunal/Desktop/InfoRetProj/data/raw/selenium_crawled_data.json
2026-03-02 18:16:19,210 - INFO - Searching r/SGExams for: 'prelim exam hard'
2026-03-02 18:16:24,546 - INFO - Search added 0 records
2026-03-02 18:16:24,546 - INFO - Searching r/singapore for: 'prelim exam hard'
2026-03-02 18:16:29,587 - INFO - Search added 0 records
2026-03-02 18:16:29,592 - INFO - Saved 312 records to /Users/harshkunal/Desktop/InfoRetProj/data/raw/selenium_crawled_data.json
2026-03-02 18:16:29,596 - INFO - Searching r/SGExams for: 'PSLE difficult'
2026-03-02 18:16:34,191 - INFO - Search added 0 records
2026-03-02 18:16:34,191 - INFO - Searching r/singapore for: 'PSLE difficult'
2026-03-02 18:16:38,758 - INFO - Search added 0 records
2026-03-02 18:16:38,762 - INFO - Saved 312 records to /Users/harshkunal/Desktop/InfoRetProj/data/raw/selenium_crawled_data.json
2026-03-02 18:16:38,901 - INFO - Chrome WebDriver closed
2026-03-02 18:16:38,901 - ERROR - Crawling error: [Errno 32] Broken pipe
2026-03-02 18:16:38,903 - INFO - Saved 312 records to /Users/harshkunal/Desktop/InfoRetProj/data/raw/error_selenium_data.json
